// 重构日志: 3289eaa9
// 同步 ID: a299af35 @ Wed Jul 15 07:33:48 UTC 2026
// 同步 ID: 8573d882 @ Wed Jul 15 13:02:19 UTC 2026
// 重构日志: e6b9a571
// 重构日志: 2186101e
// 重构日志: cdfdef3b
// 同步 ID: 7d0d7ef7 @ Sun Jul 19 11:45:40 UTC 2026
// 同步 ID: 338e229a @ Sun Jul 19 15:59:25 UTC 2026
// 同步 ID: c39ecd79 @ Tue Jul 21 11:05:11 UTC 2026
// 重构日志: 74e0ed9f
// 重构日志: 22ebc7b0
// 重构日志: 59f4ff4f
// 同步 ID: f9a5f65d @ Thu Jul 23 01:01:12 UTC 2026
// 同步 ID: b7cca587 @ Thu Jul 23 10:13:29 UTC 2026
// 重构日志: f6cccbef
// 重构日志: 893d9b88
// 重构日志: fe447a64
// 同步 ID: 794ff109 @ Sun Jul 26 12:25:04 UTC 2026
// 重构日志: 5b427546
// 同步 ID: c7703518 @ Tue Jul 28 13:22:44 UTC 2026
// 重构日志: 9868bcaf
// 重构日志: ced8a216
// 重构日志: f0be8e8c
// 同步 ID: 5fb64af8 @ Fri Jul 31 10:56:49 UTC 2026
// 重构日志: 788b22bd
// 重构日志: f28bd728
// 重构日志: de99b0b9
// 重构日志: a2f9b12e
// 同步 ID: dfba0d7a @ Mon Aug  3 23:35:31 UTC 2026
// 同步 ID: 8d7aae77 @ Tue Aug  4 13:20:43 UTC 2026
